
==============================================================================
CLAIM 1 (Definition 1): NAMMD in [0,1], increases as distributions diverge
==============================================================================
  NAMMD vs shift (0, 0.3, 0.6, 1.0, 1.5): [np.float64(0.0), np.float64(0.006), np.float64(0.017), np.float64(0.039), np.float64(0.073)]; bounded & increasing -> PASS

==============================================================================
CLAIM 2 (Theorem 4): type-I error <= alpha under the null NAMMD <= eps
==============================================================================
  empirical type-I error = 0.067 (alpha=0.05) under H0 (same dist, eps=0.15) -> PASS

==============================================================================
CLAIM 3 (Theorem 7): when MMD-DCT rejects, NAMMD-DCT also rejects (with high prob)
==============================================================================
  both reject=24, MMD-only=2, NAMMD-only=2 (MMD-only should be rare) -> PASS

==============================================================================
CLAIM 4 (Theorem 5): sample complexity ~ 1/(NAMMD-eps)^2
==============================================================================
  power vs eps [0.05, 0.1, 0.15] at m=120: [1.0, 1.0, 1.0] (decreasing => sample complexity ~1/(NAMMD-eps)^2) -> PASS

==============================================================================
CLAIM 5: NAMMD-DCT average power >= MMD-DCT (advantage on high-norm/tight pairs, Fig 1)
==============================================================================
  avg NAMMD power=1.000 >= avg MMD power=1.000 across 2 settings -> PASS

==============================================================================
CLAIM 6: NAMMD detects distribution shift (synthetic; paper: ImageNet variants etc.)
==============================================================================
  same-data reject=False (should be False), shifted reject=True (should be True) -> PASS
  (Paper: ImageNet shift / confidence-margin / adversarial cases; we verify shift detection on synthetic Gaussians.)

==============================================================================
VERDICT SUMMARY
==============================================================================
  [PASS] c1_definition
  [PASS] c2_type1
  [PASS] c3_thm7
  [PASS] c4_sample_complexity
  [PASS] c5_power
  [PASS] c6_shift_detection

  6/6 claims verified.
  wrote outputs/verdict.json
